{
  "version": "1.5.0",
  "plugins_used": [
    {
      "name": "ArtifactoryDetector"
    },
    {
      "name": "AWSKeyDetector"
    },
    {
      "name": "AzureStorageKeyDetector"
    },
    {
      "name": "Base64HighEntropyString",
      "limit": 4.5
    },
    {
      "name": "BasicAuthDetector"
    },
    {
      "name": "CloudantDetector"
    },
    {
      "name": "DiscordBotTokenDetector"
    },
    {
      "name": "GitHubTokenDetector"
    },
    {
      "name": "GitLabTokenDetector"
    },
    {
      "name": "HexHighEntropyString",
      "limit": 3.0
    },
    {
      "name": "IbmCloudIamDetector"
    },
    {
      "name": "IbmCosHmacDetector"
    },
    {
      "name": "IPPublicDetector"
    },
    {
      "name": "JwtTokenDetector"
    },
    {
      "name": "KeywordDetector",
      "keyword_exclude": ""
    },
    {
      "name": "MailchimpDetector"
    },
    {
      "name": "NpmDetector"
    },
    {
      "name": "OpenAIDetector"
    },
    {
      "name": "PrivateKeyDetector"
    },
    {
      "name": "PypiTokenDetector"
    },
    {
      "name": "SendGridDetector"
    },
    {
      "name": "SlackDetector"
    },
    {
      "name": "SoftlayerDetector"
    },
    {
      "name": "SquareOAuthDetector"
    },
    {
      "name": "StripeDetector"
    },
    {
      "name": "TelegramBotTokenDetector"
    },
    {
      "name": "TwilioKeyDetector"
    }
  ],
  "filters_used": [
    {
      "path": "detect_secrets.filters.allowlist.is_line_allowlisted"
    },
    {
      "path": "detect_secrets.filters.common.is_baseline_file",
      "filename": ".secrets.baseline"
    },
    {
      "path": "detect_secrets.filters.common.is_ignored_due_to_verification_policies",
      "min_level": 2
    },
    {
      "path": "detect_secrets.filters.heuristic.is_indirect_reference"
    },
    {
      "path": "detect_secrets.filters.heuristic.is_likely_id_string"
    },
    {
      "path": "detect_secrets.filters.heuristic.is_lock_file"
    },
    {
      "path": "detect_secrets.filters.heuristic.is_not_alphanumeric_string"
    },
    {
      "path": "detect_secrets.filters.heuristic.is_potential_uuid"
    },
    {
      "path": "detect_secrets.filters.heuristic.is_prefixed_with_dollar_sign"
    },
    {
      "path": "detect_secrets.filters.heuristic.is_sequential_string"
    },
    {
      "path": "detect_secrets.filters.heuristic.is_swagger_file"
    },
    {
      "path": "detect_secrets.filters.heuristic.is_templated_secret"
    }
  ],
  "results": {
    "IMPLEMENTATION_PLAN.ai.json": [
      {
        "type": "Hex High Entropy String",
        "filename": "IMPLEMENTATION_PLAN.ai.json",
        "hashed_secret": "94c36b456d4382ac544a4cbce15bc276ea7667fa",
        "is_verified": false,
        "line_number": 15,
        "is_secret": false
      },
      {
        "type": "Hex High Entropy String",
        "filename": "IMPLEMENTATION_PLAN.ai.json",
        "hashed_secret": "6462452e531c1556dcd63dee07cf2f0b700cd995",
        "is_verified": false,
        "line_number": 364,
        "is_secret": false
      },
      {
        "type": "Hex High Entropy String",
        "filename": "IMPLEMENTATION_PLAN.ai.json",
        "hashed_secret": "833dde45b70d75bee0d0e599f81edb2bfa521f83",
        "is_verified": false,
        "line_number": 530,
        "is_secret": false
      },
      {
        "type": "Hex High Entropy String",
        "filename": "IMPLEMENTATION_PLAN.ai.json",
        "hashed_secret": "8fe75329ce42f782a19a00389015b161f1f00aca",
        "is_verified": false,
        "line_number": 551,
        "is_secret": false
      },
      {
        "type": "Hex High Entropy String",
        "filename": "IMPLEMENTATION_PLAN.ai.json",
        "hashed_secret": "eca1006c87375efc386b11fd0d190a6c20d3d99d",
        "is_verified": false,
        "line_number": 562,
        "is_secret": false
      },
      {
        "type": "Hex High Entropy String",
        "filename": "IMPLEMENTATION_PLAN.ai.json",
        "hashed_secret": "e6018569f5ca377d13b94aa4b00a3e29725656fe",
        "is_verified": false,
        "line_number": 564,
        "is_secret": false
      },
      {
        "type": "Hex High Entropy String",
        "filename": "IMPLEMENTATION_PLAN.ai.json",
        "hashed_secret": "1936bd5fcda6de8967073608a74340e183f161cd",
        "is_verified": false,
        "line_number": 623,
        "is_secret": false
      }
    ],
    "deeptutor/api/routers/system.py": [
      {
        "type": "Secret Keyword",
        "filename": "deeptutor/api/routers/system.py",
        "hashed_secret": "985b05576c57bdeccfcaf33261ea1c43ce7e3155",
        "is_verified": false,
        "line_number": 171,
        "is_secret": false
      }
    ],
    "deeptutor/multi_user/paths.py": [
      {
        "type": "Secret Keyword",
        "filename": "deeptutor/multi_user/paths.py",
        "hashed_secret": "e60fe3dda6de98d5989e144750b0a174bb5d8c56",
        "is_verified": false,
        "line_number": 40,
        "is_secret": false
      }
    ],
    "deeptutor/runtime/banner.py": [
      {
        "type": "Secret Keyword",
        "filename": "deeptutor/runtime/banner.py",
        "hashed_secret": "cf678cab87dc1f7d1b95b964f15375e088461679",
        "is_verified": false,
        "line_number": 51,
        "is_secret": false
      },
      {
        "type": "Secret Keyword",
        "filename": "deeptutor/runtime/banner.py",
        "hashed_secret": "15b1388b5955f703309ad2145c4b23e137a43966",
        "is_verified": false,
        "line_number": 52,
        "is_secret": false
      },
      {
        "type": "Secret Keyword",
        "filename": "deeptutor/runtime/banner.py",
        "hashed_secret": "28199ccc8397f0e930e5757ee3f646a353931473",
        "is_verified": false,
        "line_number": 53,
        "is_secret": false
      },
      {
        "type": "Secret Keyword",
        "filename": "deeptutor/runtime/banner.py",
        "hashed_secret": "673c7aaac51f567d0b7638bc982b945495edf0f7",
        "is_verified": false,
        "line_number": 54,
        "is_secret": false
      },
      {
        "type": "Secret Keyword",
        "filename": "deeptutor/runtime/banner.py",
        "hashed_secret": "4acacf14b75fca1a0e04fdc23687c1ff10deb575",
        "is_verified": false,
        "line_number": 65,
        "is_secret": false
      },
      {
        "type": "Secret Keyword",
        "filename": "deeptutor/runtime/banner.py",
        "hashed_secret": "47acd2028cf81b5da88ddeedb2aea4eca4b71fbd",
        "is_verified": false,
        "line_number": 157,
        "is_secret": false
      },
      {
        "type": "Secret Keyword",
        "filename": "deeptutor/runtime/banner.py",
        "hashed_secret": "8e9bd0d3c62bbc036e115898b461152e78ce9c1a",
        "is_verified": false,
        "line_number": 158,
        "is_secret": false
      },
      {
        "type": "Secret Keyword",
        "filename": "deeptutor/runtime/banner.py",
        "hashed_secret": "a91b1630dcec184889c916266bbf8a8409155afb",
        "is_verified": false,
        "line_number": 159,
        "is_secret": false
      },
      {
        "type": "Secret Keyword",
        "filename": "deeptutor/runtime/banner.py",
        "hashed_secret": "a57343bf0ca2fd99e7adbde43be5734d0b34e372",
        "is_verified": false,
        "line_number": 160,
        "is_secret": false
      },
      {
        "type": "Secret Keyword",
        "filename": "deeptutor/runtime/banner.py",
        "hashed_secret": "3a2ffa0b6e4451421e939e27ac465d8c629d2e8e",
        "is_verified": false,
        "line_number": 171,
        "is_secret": false
      }
    ],
    "deeptutor/services/cli_apps/vendor/build_snapshot.py": [
      {
        "type": "Hex High Entropy String",
        "filename": "deeptutor/services/cli_apps/vendor/build_snapshot.py",
        "hashed_secret": "880fb0e72b2dd96455aec59c807ce4c4647eadbb",
        "is_verified": false,
        "line_number": 14,
        "is_secret": false
      }
    ],
    "deeptutor/services/cli_apps/vendor/catalog.json": [
      {
        "type": "Hex High Entropy String",
        "filename": "deeptutor/services/cli_apps/vendor/catalog.json",
        "hashed_secret": "880fb0e72b2dd96455aec59c807ce4c4647eadbb",
        "is_verified": false,
        "line_number": 8,
        "is_secret": false
      }
    ],
    "deeptutor/services/codex_auth/constants.py": [
      {
        "type": "Hex High Entropy String",
        "filename": "deeptutor/services/codex_auth/constants.py",
        "hashed_secret": "ee6e71a575dd3ac63f9c2ac1eef90ab671ccd997",
        "is_verified": false,
        "line_number": 3,
        "is_secret": false
      }
    ],
    "deeptutor/services/codex_auth/oauth.py": [
      {
        "type": "Base64 High Entropy String",
        "filename": "deeptutor/services/codex_auth/oauth.py",
        "hashed_secret": "e582429052cdb908833560f6f7582d232de37c4d",
        "is_verified": false,
        "line_number": 43,
        "is_secret": false
      }
    ],
    "deeptutor/services/config/provider_runtime.py": [
      {
        "type": "Secret Keyword",
        "filename": "deeptutor/services/config/provider_runtime.py",
        "hashed_secret": "985b05576c57bdeccfcaf33261ea1c43ce7e3155",
        "is_verified": false,
        "line_number": 677,
        "is_secret": false
      }
    ],
    "deeptutor/services/generation_http.py": [
      {
        "type": "Secret Keyword",
        "filename": "deeptutor/services/generation_http.py",
        "hashed_secret": "6c88b2209742f1de2fc445f405d93acab79f38a2",
        "is_verified": false,
        "line_number": 18,
        "is_secret": false
      }
    ],
    "deeptutor/services/llm/provider_core/github_copilot_provider.py": [
      {
        "type": "Secret Keyword",
        "filename": "deeptutor/services/llm/provider_core/github_copilot_provider.py",
        "hashed_secret": "9b794bcc23cd8b240bf10f862200ca49e3edfbed",
        "is_verified": false,
        "line_number": 31,
        "is_secret": false
      }
    ],
    "deeptutor/services/memory/ids.py": [
      {
        "type": "Base64 High Entropy String",
        "filename": "deeptutor/services/memory/ids.py",
        "hashed_secret": "3ea6cf17f95e272933a3b927317b7210d1bac5d5",
        "is_verified": false,
        "line_number": 18,
        "is_secret": false
      }
    ],
    "deeptutor/services/search/base.py": [
      {
        "type": "Secret Keyword",
        "filename": "deeptutor/services/search/base.py",
        "hashed_secret": "8ee9d3cc35862a8ad26f9e27fb60db0e22ffe145",
        "is_verified": false,
        "line_number": 17,
        "is_secret": false
      }
    ],
    "deeptutor/services/voice/config.py": [
      {
        "type": "Secret Keyword",
        "filename": "deeptutor/services/voice/config.py",
        "hashed_secret": "6c88b2209742f1de2fc445f405d93acab79f38a2",
        "is_verified": false,
        "line_number": 16,
        "is_secret": false
      }
    ],
    "deeptutor_cli/provider_cmd.py": [
      {
        "type": "Secret Keyword",
        "filename": "deeptutor_cli/provider_cmd.py",
        "hashed_secret": "9b794bcc23cd8b240bf10f862200ca49e3edfbed",
        "is_verified": false,
        "line_number": 91,
        "is_secret": false
      }
    ],
    "tests/agents/chat/test_language_prompts.py": [
      {
        "type": "Secret Keyword",
        "filename": "tests/agents/chat/test_language_prompts.py",
        "hashed_secret": "e9a5f12a8ecbb3eb46eca5096b5c52aa5e7c9fdd",
        "is_verified": false,
        "line_number": 17,
        "is_secret": false
      }
    ],
    "tests/agents/notebook/test_summarize_agent.py": [
      {
        "type": "Secret Keyword",
        "filename": "tests/agents/notebook/test_summarize_agent.py",
        "hashed_secret": "3acfb2c2b433c0ea7ff107e33df91b18e52f960f",
        "is_verified": false,
        "line_number": 13,
        "is_secret": false
      }
    ],
    "tests/agents/test_base_agent_binding.py": [
      {
        "type": "Secret Keyword",
        "filename": "tests/agents/test_base_agent_binding.py",
        "hashed_secret": "e9a5f12a8ecbb3eb46eca5096b5c52aa5e7c9fdd",
        "is_verified": false,
        "line_number": 18,
        "is_secret": false
      }
    ],
    "tests/api/test_co_writer.py": [
      {
        "type": "Hex High Entropy String",
        "filename": "tests/api/test_co_writer.py",
        "hashed_secret": "0091061a3babbe6f11d48aa0142e22341b3ea446",
        "is_verified": false,
        "line_number": 50,
        "is_secret": false
      }
    ],
    "tests/api/test_knowledge_router.py": [
      {
        "type": "Secret Keyword",
        "filename": "tests/api/test_knowledge_router.py",
        "hashed_secret": "e5e9fa1ba31ecd1ae84f75caaa474f3a663f05f4",
        "is_verified": false,
        "line_number": 1067,
        "is_secret": false
      }
    ],
    "tests/api/test_settings_router.py": [
      {
        "type": "Secret Keyword",
        "filename": "tests/api/test_settings_router.py",
        "hashed_secret": "dff6d4ff5dc357cf451d1855ab9cbda562645c9f",
        "is_verified": false,
        "line_number": 534,
        "is_secret": false
      },
      {
        "type": "Secret Keyword",
        "filename": "tests/api/test_settings_router.py",
        "hashed_secret": "5cefa84fb4ebeaf10c61d3522450dbb12c229c34",
        "is_verified": false,
        "line_number": 537,
        "is_secret": false
      },
      {
        "type": "Secret Keyword",
        "filename": "tests/api/test_settings_router.py",
        "hashed_secret": "f2bb1f20475e99c2af44a6f6844c1329bea9d3d2",
        "is_verified": false,
        "line_number": 569,
        "is_secret": false
      },
      {
        "type": "Secret Keyword",
        "filename": "tests/api/test_settings_router.py",
        "hashed_secret": "5fbded794fd732ce7ef6d8776e8ad896e4269790",
        "is_verified": false,
        "line_number": 572,
        "is_secret": false
      },
      {
        "type": "Secret Keyword",
        "filename": "tests/api/test_settings_router.py",
        "hashed_secret": "3090ca86558e326f27cb6f36d0592ed339f108be",
        "is_verified": false,
        "line_number": 577,
        "is_secret": false
      },
      {
        "type": "Secret Keyword",
        "filename": "tests/api/test_settings_router.py",
        "hashed_secret": "75a95227ab69f9c53cf5f43a92d30c6251bec704",
        "is_verified": false,
        "line_number": 580,
        "is_secret": false
      },
      {
        "type": "Secret Keyword",
        "filename": "tests/api/test_settings_router.py",
        "hashed_secret": "b678c74add6b9e34a8364c8f4496851976b44648",
        "is_verified": false,
        "line_number": 614,
        "is_secret": false
      },
      {
        "type": "Secret Keyword",
        "filename": "tests/api/test_settings_router.py",
        "hashed_secret": "7e680ff24bbba9101775fd7c752f161494734872",
        "is_verified": false,
        "line_number": 617,
        "is_secret": false
      },
      {
        "type": "Secret Keyword",
        "filename": "tests/api/test_settings_router.py",
        "hashed_secret": "dead4f2e61677d190bcba278d78c66ade066b4e7",
        "is_verified": false,
        "line_number": 622,
        "is_secret": false
      },
      {
        "type": "Secret Keyword",
        "filename": "tests/api/test_settings_router.py",
        "hashed_secret": "5f6fd2d80413487e009395d753a7ced42aa94f13",
        "is_verified": false,
        "line_number": 625,
        "is_secret": false
      },
      {
        "type": "Secret Keyword",
        "filename": "tests/api/test_settings_router.py",
        "hashed_secret": "f238d283640439a85f968c65cc9649f250355c57",
        "is_verified": false,
        "line_number": 684,
        "is_secret": false
      },
      {
        "type": "Secret Keyword",
        "filename": "tests/api/test_settings_router.py",
        "hashed_secret": "7f5a4fae08db4ae2f6ac64a32c9d1df20db2d0ca",
        "is_verified": false,
        "line_number": 687,
        "is_secret": false
      },
      {
        "type": "Secret Keyword",
        "filename": "tests/api/test_settings_router.py",
        "hashed_secret": "8fc0323f6182e072ccc0778d9d9bd00697c2278e",
        "is_verified": false,
        "line_number": 692,
        "is_secret": false
      },
      {
        "type": "Secret Keyword",
        "filename": "tests/api/test_settings_router.py",
        "hashed_secret": "c10f89e0ae68f06096cf38f7a700c3ed9130cc7c",
        "is_verified": false,
        "line_number": 695,
        "is_secret": false
      },
      {
        "type": "Secret Keyword",
        "filename": "tests/api/test_settings_router.py",
        "hashed_secret": "fe72967536aedcae9b1b1e4eaf2c53494e17a638",
        "is_verified": false,
        "line_number": 732,
        "is_secret": false
      }
    ],
    "tests/api/test_space_mcp.py": [
      {
        "type": "Secret Keyword",
        "filename": "tests/api/test_space_mcp.py",
        "hashed_secret": "93a8ffc3ff0b951f0b3a13833040785778788d0e",
        "is_verified": false,
        "line_number": 128,
        "is_secret": false
      },
      {
        "type": "Secret Keyword",
        "filename": "tests/api/test_space_mcp.py",
        "hashed_secret": "76ce15edd5a8548603b6fd281d185f323234758f",
        "is_verified": false,
        "line_number": 150,
        "is_secret": false
      }
    ],
    "tests/api/test_unified_ws_turn_runtime.py": [
      {
        "type": "Secret Keyword",
        "filename": "tests/api/test_unified_ws_turn_runtime.py",
        "hashed_secret": "e9a5f12a8ecbb3eb46eca5096b5c52aa5e7c9fdd",
        "is_verified": false,
        "line_number": 47,
        "is_secret": false
      },
      {
        "type": "Secret Keyword",
        "filename": "tests/api/test_unified_ws_turn_runtime.py",
        "hashed_secret": "c73fb102480829c1d2abc6c84e3a61c2f9302b00",
        "is_verified": false,
        "line_number": 61,
        "is_secret": false
      }
    ],
    "tests/capabilities/test_rag_consistency.py": [
      {
        "type": "Secret Keyword",
        "filename": "tests/capabilities/test_rag_consistency.py",
        "hashed_secret": "e9a5f12a8ecbb3eb46eca5096b5c52aa5e7c9fdd",
        "is_verified": false,
        "line_number": 41,
        "is_secret": false
      }
    ],
    "tests/cli/test_init_wizard_probe.py": [
      {
        "type": "Secret Keyword",
        "filename": "tests/cli/test_init_wizard_probe.py",
        "hashed_secret": "e9a5f12a8ecbb3eb46eca5096b5c52aa5e7c9fdd",
        "is_verified": false,
        "line_number": 31,
        "is_secret": false
      }
    ],
    "tests/conftest.py": [
      {
        "type": "Secret Keyword",
        "filename": "tests/conftest.py",
        "hashed_secret": "e9a5f12a8ecbb3eb46eca5096b5c52aa5e7c9fdd",
        "is_verified": false,
        "line_number": 192,
        "is_secret": false
      }
    ],
    "tests/core/test_agentic_client_provider_kwargs.py": [
      {
        "type": "Secret Keyword",
        "filename": "tests/core/test_agentic_client_provider_kwargs.py",
        "hashed_secret": "e9a5f12a8ecbb3eb46eca5096b5c52aa5e7c9fdd",
        "is_verified": false,
        "line_number": 114,
        "is_secret": false
      },
      {
        "type": "Secret Keyword",
        "filename": "tests/core/test_agentic_client_provider_kwargs.py",
        "hashed_secret": "ce7501007f04a6529e650f1f1b3fc0586d1d94eb",
        "is_verified": false,
        "line_number": 143,
        "is_secret": false
      },
      {
        "type": "Secret Keyword",
        "filename": "tests/core/test_agentic_client_provider_kwargs.py",
        "hashed_secret": "e5e9fa1ba31ecd1ae84f75caaa474f3a663f05f4",
        "is_verified": false,
        "line_number": 350,
        "is_secret": false
      }
    ],
    "tests/core/test_builtin_tools.py": [
      {
        "type": "Secret Keyword",
        "filename": "tests/core/test_builtin_tools.py",
        "hashed_secret": "a62f2225bf70bfaccbc7f1ef2a397836717377de",
        "is_verified": false,
        "line_number": 326,
        "is_secret": false
      }
    ],
    "tests/core/test_config_manager.py": [
      {
        "type": "Secret Keyword",
        "filename": "tests/core/test_config_manager.py",
        "hashed_secret": "e9a5f12a8ecbb3eb46eca5096b5c52aa5e7c9fdd",
        "is_verified": false,
        "line_number": 77,
        "is_secret": false
      }
    ],
    "tests/knowledge/test_ima_kb.py": [
      {
        "type": "Secret Keyword",
        "filename": "tests/knowledge/test_ima_kb.py",
        "hashed_secret": "e5e9fa1ba31ecd1ae84f75caaa474f3a663f05f4",
        "is_verified": false,
        "line_number": 33,
        "is_secret": false
      }
    ],
    "tests/knowledge/test_lightrag_server_kb.py": [
      {
        "type": "Secret Keyword",
        "filename": "tests/knowledge/test_lightrag_server_kb.py",
        "hashed_secret": "e5e9fa1ba31ecd1ae84f75caaa474f3a663f05f4",
        "is_verified": false,
        "line_number": 27,
        "is_secret": false
      }
    ],
    "tests/multi_user/test_login_username_contract.py": [
      {
        "type": "Secret Keyword",
        "filename": "tests/multi_user/test_login_username_contract.py",
        "hashed_secret": "e6b6afbd6d76bb5d2041542d7d2e3fac5bb05593",
        "is_verified": false,
        "line_number": 36,
        "is_secret": false
      }
    ],
    "tests/services/codex_auth/test_service.py": [
      {
        "type": "Secret Keyword",
        "filename": "tests/services/codex_auth/test_service.py",
        "hashed_secret": "29d5f92e9ee44d4854d6dfaeefc3dc27d779fdf3",
        "is_verified": false,
        "line_number": 205,
        "is_secret": false
      }
    ],
    "tests/services/config/test_catalog_env_overlay.py": [
      {
        "type": "Secret Keyword",
        "filename": "tests/services/config/test_catalog_env_overlay.py",
        "hashed_secret": "b4ad5f9b889c3446c3fdf5256071d6c272760510",
        "is_verified": false,
        "line_number": 55,
        "is_secret": false
      },
      {
        "type": "Secret Keyword",
        "filename": "tests/services/config/test_catalog_env_overlay.py",
        "hashed_secret": "bab8c24b2aed9fa8aa0898434c2c02805e1e8498",
        "is_verified": false,
        "line_number": 72,
        "is_secret": false
      },
      {
        "type": "Secret Keyword",
        "filename": "tests/services/config/test_catalog_env_overlay.py",
        "hashed_secret": "22f3e05b8d17aef9bd3ae72af2ceb0633c5dd431",
        "is_verified": false,
        "line_number": 90,
        "is_secret": false
      },
      {
        "type": "Secret Keyword",
        "filename": "tests/services/config/test_catalog_env_overlay.py",
        "hashed_secret": "7ff6048ffaa2d1241767d10bf496abfbb5b31781",
        "is_verified": false,
        "line_number": 152,
        "is_secret": false
      },
      {
        "type": "Secret Keyword",
        "filename": "tests/services/config/test_catalog_env_overlay.py",
        "hashed_secret": "e9a5f12a8ecbb3eb46eca5096b5c52aa5e7c9fdd",
        "is_verified": false,
        "line_number": 200,
        "is_secret": false
      }
    ],
    "tests/services/config/test_context_window_detection.py": [
      {
        "type": "Secret Keyword",
        "filename": "tests/services/config/test_context_window_detection.py",
        "hashed_secret": "e9a5f12a8ecbb3eb46eca5096b5c52aa5e7c9fdd",
        "is_verified": false,
        "line_number": 15,
        "is_secret": false
      }
    ],
    "tests/services/config/test_embedding_runtime.py": [
      {
        "type": "Secret Keyword",
        "filename": "tests/services/config/test_embedding_runtime.py",
        "hashed_secret": "9aaa910eb49fa1f278c7288f0fa6001c16965716",
        "is_verified": false,
        "line_number": 54,
        "is_secret": false
      },
      {
        "type": "Secret Keyword",
        "filename": "tests/services/config/test_embedding_runtime.py",
        "hashed_secret": "ef7c0b83a26125ba071296b470cdb48e51f301ea",
        "is_verified": false,
        "line_number": 100,
        "is_secret": false
      },
      {
        "type": "Secret Keyword",
        "filename": "tests/services/config/test_embedding_runtime.py",
        "hashed_secret": "11eed1950c2a664147b76417ebf15ec8967ab9e2",
        "is_verified": false,
        "line_number": 142,
        "is_secret": false
      },
      {
        "type": "Secret Keyword",
        "filename": "tests/services/config/test_embedding_runtime.py",
        "hashed_secret": "e9a5f12a8ecbb3eb46eca5096b5c52aa5e7c9fdd",
        "is_verified": false,
        "line_number": 161,
        "is_secret": false
      },
      {
        "type": "Secret Keyword",
        "filename": "tests/services/config/test_embedding_runtime.py",
        "hashed_secret": "840fbeef0246e5178dd0efcdaef15300a9b85cdc",
        "is_verified": false,
        "line_number": 238,
        "is_secret": false
      },
      {
        "type": "Secret Keyword",
        "filename": "tests/services/config/test_embedding_runtime.py",
        "hashed_secret": "3d08364b3ff3f285cbd2df6756b558664fa2d23e",
        "is_verified": false,
        "line_number": 266,
        "is_secret": false
      },
      {
        "type": "Secret Keyword",
        "filename": "tests/services/config/test_embedding_runtime.py",
        "hashed_secret": "88dc8740f33ff4c8f841709814cbd2b80ee71c5c",
        "is_verified": false,
        "line_number": 292,
        "is_secret": false
      },
      {
        "type": "Secret Keyword",
        "filename": "tests/services/config/test_embedding_runtime.py",
        "hashed_secret": "8c895e1fc99e38655efea259aaa5510bde46b81c",
        "is_verified": false,
        "line_number": 310,
        "is_secret": false
      }
    ],
    "tests/services/config/test_launch_settings.py": [
      {
        "type": "Base64 High Entropy String",
        "filename": "tests/services/config/test_launch_settings.py",
        "hashed_secret": "32a321c5dcdf7cc73485a89acc950f27465f988c",
        "is_verified": false,
        "line_number": 52,
        "is_secret": false
      }
    ],
    "tests/services/config/test_llm_probe_config.py": [
      {
        "type": "Secret Keyword",
        "filename": "tests/services/config/test_llm_probe_config.py",
        "hashed_secret": "e9a5f12a8ecbb3eb46eca5096b5c52aa5e7c9fdd",
        "is_verified": false,
        "line_number": 237,
        "is_secret": false
      }
    ],
    "tests/services/config/test_pageindex_settings.py": [
      {
        "type": "Secret Keyword",
        "filename": "tests/services/config/test_pageindex_settings.py",
        "hashed_secret": "cba7d8d926ee837cf3f92636a6d1cd0eb397db64",
        "is_verified": false,
        "line_number": 12,
        "is_secret": false
      },
      {
        "type": "Secret Keyword",
        "filename": "tests/services/config/test_pageindex_settings.py",
        "hashed_secret": "e493f561d90c6638c1f51c5a8a069c3b129b79ed",
        "is_verified": false,
        "line_number": 33,
        "is_secret": false
      }
    ],
    "tests/services/config/test_provider_runtime.py": [
      {
        "type": "Secret Keyword",
        "filename": "tests/services/config/test_provider_runtime.py",
        "hashed_secret": "b07bfd6660c8a5e8f47ed4967498d25f095cb7c5",
        "is_verified": false,
        "line_number": 65,
        "is_secret": false
      },
      {
        "type": "Secret Keyword",
        "filename": "tests/services/config/test_provider_runtime.py",
        "hashed_secret": "1e8f4accfda4813178f4f6317c767a915bfbf227",
        "is_verified": false,
        "line_number": 85,
        "is_secret": false
      },
      {
        "type": "Secret Keyword",
        "filename": "tests/services/config/test_provider_runtime.py",
        "hashed_secret": "6b1e870f0be158672167b3e582056e0cf1bdf807",
        "is_verified": false,
        "line_number": 124,
        "is_secret": false
      },
      {
        "type": "Secret Keyword",
        "filename": "tests/services/config/test_provider_runtime.py",
        "hashed_secret": "a6167ca1e81bf87d204b66fb63e4e6fa94c22a00",
        "is_verified": false,
        "line_number": 175,
        "is_secret": false
      },
      {
        "type": "Secret Keyword",
        "filename": "tests/services/config/test_provider_runtime.py",
        "hashed_secret": "985b05576c57bdeccfcaf33261ea1c43ce7e3155",
        "is_verified": false,
        "line_number": 235,
        "is_secret": false
      },
      {
        "type": "Secret Keyword",
        "filename": "tests/services/config/test_provider_runtime.py",
        "hashed_secret": "0778c2c1214c1a53061bbc3f656197ea0c8482a7",
        "is_verified": false,
        "line_number": 245,
        "is_secret": false
      },
      {
        "type": "Secret Keyword",
        "filename": "tests/services/config/test_provider_runtime.py",
        "hashed_secret": "e184b402822abc549b37689c84e8e0e33c39a1f1",
        "is_verified": false,
        "line_number": 283,
        "is_secret": false
      },
      {
        "type": "Secret Keyword",
        "filename": "tests/services/config/test_provider_runtime.py",
        "hashed_secret": "e9a5f12a8ecbb3eb46eca5096b5c52aa5e7c9fdd",
        "is_verified": false,
        "line_number": 324,
        "is_secret": false
      },
      {
        "type": "Secret Keyword",
        "filename": "tests/services/config/test_provider_runtime.py",
        "hashed_secret": "6b8f36db289d14c3c7ba1bb21147b7a4fa7e7536",
        "is_verified": false,
        "line_number": 347,
        "is_secret": false
      }
    ],
    "tests/services/embedding/test_client_runtime.py": [
      {
        "type": "Secret Keyword",
        "filename": "tests/services/embedding/test_client_runtime.py",
        "hashed_secret": "e9a5f12a8ecbb3eb46eca5096b5c52aa5e7c9fdd",
        "is_verified": false,
        "line_number": 48,
        "is_secret": false
      },
      {
        "type": "Secret Keyword",
        "filename": "tests/services/embedding/test_client_runtime.py",
        "hashed_secret": "985b05576c57bdeccfcaf33261ea1c43ce7e3155",
        "is_verified": false,
        "line_number": 147,
        "is_secret": false
      },
      {
        "type": "Secret Keyword",
        "filename": "tests/services/embedding/test_client_runtime.py",
        "hashed_secret": "6b8f36db289d14c3c7ba1bb21147b7a4fa7e7536",
        "is_verified": false,
        "line_number": 162,
        "is_secret": false
      }
    ],
    "tests/services/embedding/test_dashscope_adapter.py": [
      {
        "type": "Secret Keyword",
        "filename": "tests/services/embedding/test_dashscope_adapter.py",
        "hashed_secret": "22f3e05b8d17aef9bd3ae72af2ceb0633c5dd431",
        "is_verified": false,
        "line_number": 70,
        "is_secret": false
      },
      {
        "type": "Secret Keyword",
        "filename": "tests/services/embedding/test_dashscope_adapter.py",
        "hashed_secret": "766a6e8998aefe2117d62c2d48411e43161ffa11",
        "is_verified": false,
        "line_number": 165,
        "is_secret": false
      }
    ],
    "tests/services/embedding/test_disable_ssl_verify.py": [
      {
        "type": "Secret Keyword",
        "filename": "tests/services/embedding/test_disable_ssl_verify.py",
        "hashed_secret": "e9a5f12a8ecbb3eb46eca5096b5c52aa5e7c9fdd",
        "is_verified": false,
        "line_number": 66,
        "is_secret": false
      }
    ],
    "tests/services/embedding/test_encoding_format.py": [
      {
        "type": "Secret Keyword",
        "filename": "tests/services/embedding/test_encoding_format.py",
        "hashed_secret": "e9a5f12a8ecbb3eb46eca5096b5c52aa5e7c9fdd",
        "is_verified": false,
        "line_number": 72,
        "is_secret": false
      }
    ],
    "tests/services/embedding/test_multimodal_request.py": [
      {
        "type": "Secret Keyword",
        "filename": "tests/services/embedding/test_multimodal_request.py",
        "hashed_secret": "0f21f32205067e01d7ab8ac51ff9f30e4477df2d",
        "is_verified": false,
        "line_number": 48,
        "is_secret": false
      },
      {
        "type": "Secret Keyword",
        "filename": "tests/services/embedding/test_multimodal_request.py",
        "hashed_secret": "766a6e8998aefe2117d62c2d48411e43161ffa11",
        "is_verified": false,
        "line_number": 65,
        "is_secret": false
      },
      {
        "type": "Secret Keyword",
        "filename": "tests/services/embedding/test_multimodal_request.py",
        "hashed_secret": "8c71bb9f6c3582160e17b900b92ffcc959ffe84d",
        "is_verified": false,
        "line_number": 106,
        "is_secret": false
      },
      {
        "type": "Secret Keyword",
        "filename": "tests/services/embedding/test_multimodal_request.py",
        "hashed_secret": "c3dddd47733b9a05bce0bdd68e9f97edc74640e9",
        "is_verified": false,
        "line_number": 139,
        "is_secret": false
      }
    ],
    "tests/services/embedding/test_openai_sdk_adapter.py": [
      {
        "type": "Secret Keyword",
        "filename": "tests/services/embedding/test_openai_sdk_adapter.py",
        "hashed_secret": "2be5552460655eed857c69ecc822ca719ecd6463",
        "is_verified": false,
        "line_number": 109,
        "is_secret": false
      },
      {
        "type": "Secret Keyword",
        "filename": "tests/services/embedding/test_openai_sdk_adapter.py",
        "hashed_secret": "985b05576c57bdeccfcaf33261ea1c43ce7e3155",
        "is_verified": false,
        "line_number": 119,
        "is_secret": false
      }
    ],
    "tests/services/embedding/test_qwen3_send_dimensions.py": [
      {
        "type": "Secret Keyword",
        "filename": "tests/services/embedding/test_qwen3_send_dimensions.py",
        "hashed_secret": "e9a5f12a8ecbb3eb46eca5096b5c52aa5e7c9fdd",
        "is_verified": false,
        "line_number": 17,
        "is_secret": false
      }
    ],
    "tests/services/embedding/test_send_dimensions.py": [
      {
        "type": "Secret Keyword",
        "filename": "tests/services/embedding/test_send_dimensions.py",
        "hashed_secret": "e9a5f12a8ecbb3eb46eca5096b5c52aa5e7c9fdd",
        "is_verified": false,
        "line_number": 37,
        "is_secret": false
      }
    ],
    "tests/services/embedding/test_url_transparency.py": [
      {
        "type": "Secret Keyword",
        "filename": "tests/services/embedding/test_url_transparency.py",
        "hashed_secret": "e9a5f12a8ecbb3eb46eca5096b5c52aa5e7c9fdd",
        "is_verified": false,
        "line_number": 70,
        "is_secret": false
      },
      {
        "type": "Secret Keyword",
        "filename": "tests/services/embedding/test_url_transparency.py",
        "hashed_secret": "e0538dbde0484e599b41a65cc6a9d443b5011520",
        "is_verified": false,
        "line_number": 89,
        "is_secret": false
      },
      {
        "type": "Secret Keyword",
        "filename": "tests/services/embedding/test_url_transparency.py",
        "hashed_secret": "985b05576c57bdeccfcaf33261ea1c43ce7e3155",
        "is_verified": false,
        "line_number": 108,
        "is_secret": false
      },
      {
        "type": "Secret Keyword",
        "filename": "tests/services/embedding/test_url_transparency.py",
        "hashed_secret": "c3dddd47733b9a05bce0bdd68e9f97edc74640e9",
        "is_verified": false,
        "line_number": 177,
        "is_secret": false
      },
      {
        "type": "Secret Keyword",
        "filename": "tests/services/embedding/test_url_transparency.py",
        "hashed_secret": "1114e52f797b7d5cf07d7b8353add6bf7e61f024",
        "is_verified": false,
        "line_number": 198,
        "is_secret": false
      }
    ],
    "tests/services/llm/test_anthropic_provider_fixes.py": [
      {
        "type": "Secret Keyword",
        "filename": "tests/services/llm/test_anthropic_provider_fixes.py",
        "hashed_secret": "3acfb2c2b433c0ea7ff107e33df91b18e52f960f",
        "is_verified": false,
        "line_number": 23,
        "is_secret": false
      }
    ],
    "tests/services/llm/test_client.py": [
      {
        "type": "Secret Keyword",
        "filename": "tests/services/llm/test_client.py",
        "hashed_secret": "a62f2225bf70bfaccbc7f1ef2a397836717377de",
        "is_verified": false,
        "line_number": 49,
        "is_secret": false
      }
    ],
    "tests/services/llm/test_config_module.py": [
      {
        "type": "Secret Keyword",
        "filename": "tests/services/llm/test_config_module.py",
        "hashed_secret": "6b8f36db289d14c3c7ba1bb21147b7a4fa7e7536",
        "is_verified": false,
        "line_number": 30,
        "is_secret": false
      },
      {
        "type": "Secret Keyword",
        "filename": "tests/services/llm/test_config_module.py",
        "hashed_secret": "6cdcfae933c9840e976597c35e33d8dbeb63dddd",
        "is_verified": false,
        "line_number": 75,
        "is_secret": false
      },
      {
        "type": "Secret Keyword",
        "filename": "tests/services/llm/test_config_module.py",
        "hashed_secret": "3acfb2c2b433c0ea7ff107e33df91b18e52f960f",
        "is_verified": false,
        "line_number": 110,
        "is_secret": false
      },
      {
        "type": "Secret Keyword",
        "filename": "tests/services/llm/test_config_module.py",
        "hashed_secret": "e184b402822abc549b37689c84e8e0e33c39a1f1",
        "is_verified": false,
        "line_number": 137,
        "is_secret": false
      }
    ],
    "tests/services/llm/test_factory_provider_exec.py": [
      {
        "type": "Secret Keyword",
        "filename": "tests/services/llm/test_factory_provider_exec.py",
        "hashed_secret": "3acfb2c2b433c0ea7ff107e33df91b18e52f960f",
        "is_verified": false,
        "line_number": 48,
        "is_secret": false
      }
    ],
    "tests/services/llm/test_openai_http_client.py": [
      {
        "type": "Secret Keyword",
        "filename": "tests/services/llm/test_openai_http_client.py",
        "hashed_secret": "e9a5f12a8ecbb3eb46eca5096b5c52aa5e7c9fdd",
        "is_verified": false,
        "line_number": 68,
        "is_secret": false
      }
    ],
    "tests/services/llm/test_provider_pool.py": [
      {
        "type": "Secret Keyword",
        "filename": "tests/services/llm/test_provider_pool.py",
        "hashed_secret": "e5e9fa1ba31ecd1ae84f75caaa474f3a663f05f4",
        "is_verified": false,
        "line_number": 24,
        "is_secret": false
      }
    ],
    "tests/services/mcp/test_secrets.py": [
      {
        "type": "Secret Keyword",
        "filename": "tests/services/mcp/test_secrets.py",
        "hashed_secret": "93a8ffc3ff0b951f0b3a13833040785778788d0e",
        "is_verified": false,
        "line_number": 37,
        "is_secret": false
      },
      {
        "type": "Secret Keyword",
        "filename": "tests/services/mcp/test_secrets.py",
        "hashed_secret": "76ce15edd5a8548603b6fd281d185f323234758f",
        "is_verified": false,
        "line_number": 85,
        "is_secret": false
      },
      {
        "type": "Secret Keyword",
        "filename": "tests/services/mcp/test_secrets.py",
        "hashed_secret": "c30603cc5e13828049b0e0eb10fbe951b8a56bd9",
        "is_verified": false,
        "line_number": 128,
        "is_secret": false
      }
    ],
    "tests/services/memory/test_document.py": [
      {
        "type": "Base64 High Entropy String",
        "filename": "tests/services/memory/test_document.py",
        "hashed_secret": "d258865d7a70711538cbda7854d37e4ecbe1c0b6",
        "is_verified": false,
        "line_number": 36,
        "is_secret": false
      },
      {
        "type": "Base64 High Entropy String",
        "filename": "tests/services/memory/test_document.py",
        "hashed_secret": "eab2e231b63fffa27dfc995202365c8b96a928a5",
        "is_verified": false,
        "line_number": 64,
        "is_secret": false
      },
      {
        "type": "Base64 High Entropy String",
        "filename": "tests/services/memory/test_document.py",
        "hashed_secret": "d17f6bc73f99b52fb6d10f900f65758390da3713",
        "is_verified": false,
        "line_number": 74,
        "is_secret": false
      },
      {
        "type": "Base64 High Entropy String",
        "filename": "tests/services/memory/test_document.py",
        "hashed_secret": "e7b944445eea5d5871de55b8ba5d1b4537aad5f3",
        "is_verified": false,
        "line_number": 156,
        "is_secret": false
      },
      {
        "type": "Base64 High Entropy String",
        "filename": "tests/services/memory/test_document.py",
        "hashed_secret": "6899d75568577075d1e71ced03aa400a9e23288c",
        "is_verified": false,
        "line_number": 164,
        "is_secret": false
      }
    ],
    "tests/services/memory/test_ids.py": [
      {
        "type": "Base64 High Entropy String",
        "filename": "tests/services/memory/test_ids.py",
        "hashed_secret": "3ea6cf17f95e272933a3b927317b7210d1bac5d5",
        "is_verified": false,
        "line_number": 19,
        "is_secret": false
      }
    ],
    "tests/services/memory/test_line_doc.py": [
      {
        "type": "Base64 High Entropy String",
        "filename": "tests/services/memory/test_line_doc.py",
        "hashed_secret": "e7b944445eea5d5871de55b8ba5d1b4537aad5f3",
        "is_verified": false,
        "line_number": 173,
        "is_secret": false
      }
    ],
    "tests/services/memory/test_references.py": [
      {
        "type": "Base64 High Entropy String",
        "filename": "tests/services/memory/test_references.py",
        "hashed_secret": "e7b944445eea5d5871de55b8ba5d1b4537aad5f3",
        "is_verified": false,
        "line_number": 66,
        "is_secret": false
      }
    ],
    "tests/services/memory/test_store.py": [
      {
        "type": "Base64 High Entropy String",
        "filename": "tests/services/memory/test_store.py",
        "hashed_secret": "eab2e231b63fffa27dfc995202365c8b96a928a5",
        "is_verified": false,
        "line_number": 80,
        "is_secret": false
      }
    ],
    "tests/services/model_selection/test_llm_selection.py": [
      {
        "type": "Secret Keyword",
        "filename": "tests/services/model_selection/test_llm_selection.py",
        "hashed_secret": "e5e9fa1ba31ecd1ae84f75caaa474f3a663f05f4",
        "is_verified": false,
        "line_number": 21,
        "is_secret": false
      },
      {
        "type": "Secret Keyword",
        "filename": "tests/services/model_selection/test_llm_selection.py",
        "hashed_secret": "76272dc4faf660733711f58c736830d27159fb55",
        "is_verified": false,
        "line_number": 23,
        "is_secret": false
      }
    ],
    "tests/services/partners/test_channel_secrets.py": [
      {
        "type": "Secret Keyword",
        "filename": "tests/services/partners/test_channel_secrets.py",
        "hashed_secret": "a761ce3a45d97e41840a788495e85a70d1bb3815",
        "is_verified": false,
        "line_number": 34,
        "is_secret": false
      },
      {
        "type": "Secret Keyword",
        "filename": "tests/services/partners/test_channel_secrets.py",
        "hashed_secret": "b7c8ffb8fbc67c171328e0e8f643694e8e61b335",
        "is_verified": false,
        "line_number": 35,
        "is_secret": false
      },
      {
        "type": "Secret Keyword",
        "filename": "tests/services/partners/test_channel_secrets.py",
        "hashed_secret": "0c731a5f1dc781894b434c27b9f6a9cd9d9bdfcb",
        "is_verified": false,
        "line_number": 50,
        "is_secret": false
      }
    ],
    "tests/services/partners/test_msteams_channel.py": [
      {
        "type": "Secret Keyword",
        "filename": "tests/services/partners/test_msteams_channel.py",
        "hashed_secret": "d894a971d8e3bfe77f511758e6499caa4a627df0",
        "is_verified": false,
        "line_number": 34,
        "is_secret": false
      },
      {
        "type": "Secret Keyword",
        "filename": "tests/services/partners/test_msteams_channel.py",
        "hashed_secret": "1a91d62f7ca67399625a4368a6ab5d4a3baa6073",
        "is_verified": false,
        "line_number": 93,
        "is_secret": false
      }
    ],
    "tests/services/partners/test_weixin_channel.py": [
      {
        "type": "Hex High Entropy String",
        "filename": "tests/services/partners/test_weixin_channel.py",
        "hashed_secret": "ff998abc1ce6d8f01a675fa197368e44c8916e9c",
        "is_verified": false,
        "line_number": 333,
        "is_secret": false
      }
    ],
    "tests/services/partners/test_zulip_channel.py": [
      {
        "type": "Secret Keyword",
        "filename": "tests/services/partners/test_zulip_channel.py",
        "hashed_secret": "035bf17d591b5967aafe1700f7e7d0bf0f7d6bf3",
        "is_verified": false,
        "line_number": 23,
        "is_secret": false
      },
      {
        "type": "Secret Keyword",
        "filename": "tests/services/partners/test_zulip_channel.py",
        "hashed_secret": "4ea8d2335b430796cf3f500368c5b0f5b1dc90f5",
        "is_verified": false,
        "line_number": 50,
        "is_secret": false
      },
      {
        "type": "Secret Keyword",
        "filename": "tests/services/partners/test_zulip_channel.py",
        "hashed_secret": "e5e9fa1ba31ecd1ae84f75caaa474f3a663f05f4",
        "is_verified": false,
        "line_number": 65,
        "is_secret": false
      }
    ],
    "tests/services/rag/test_graphrag_pipeline.py": [
      {
        "type": "Secret Keyword",
        "filename": "tests/services/rag/test_graphrag_pipeline.py",
        "hashed_secret": "b4ad5f9b889c3446c3fdf5256071d6c272760510",
        "is_verified": false,
        "line_number": 95,
        "is_secret": false
      }
    ],
    "tests/services/rag/test_ima_pipeline.py": [
      {
        "type": "Secret Keyword",
        "filename": "tests/services/rag/test_ima_pipeline.py",
        "hashed_secret": "a62f2225bf70bfaccbc7f1ef2a397836717377de",
        "is_verified": false,
        "line_number": 68,
        "is_secret": false
      }
    ],
    "tests/services/rag/test_lightrag_server_pipeline.py": [
      {
        "type": "Secret Keyword",
        "filename": "tests/services/rag/test_lightrag_server_pipeline.py",
        "hashed_secret": "e5e9fa1ba31ecd1ae84f75caaa474f3a663f05f4",
        "is_verified": false,
        "line_number": 183,
        "is_secret": false
      }
    ],
    "tests/services/test_media_gen.py": [
      {
        "type": "Secret Keyword",
        "filename": "tests/services/test_media_gen.py",
        "hashed_secret": "e9a5f12a8ecbb3eb46eca5096b5c52aa5e7c9fdd",
        "is_verified": false,
        "line_number": 94,
        "is_secret": false
      },
      {
        "type": "Secret Keyword",
        "filename": "tests/services/test_media_gen.py",
        "hashed_secret": "7e8771ea98be1c438fc79ab7d926dbf388a7c044",
        "is_verified": false,
        "line_number": 132,
        "is_secret": false
      },
      {
        "type": "Secret Keyword",
        "filename": "tests/services/test_media_gen.py",
        "hashed_secret": "f982a901d5f8ca591949456c69d5c4881d445f55",
        "is_verified": false,
        "line_number": 216,
        "is_secret": false
      }
    ],
    "tests/services/test_model_catalog.py": [
      {
        "type": "Base64 High Entropy String",
        "filename": "tests/services/test_model_catalog.py",
        "hashed_secret": "f8a028e8a290ae6df6e7915e6a70ec7152b63264",
        "is_verified": false,
        "line_number": 11,
        "is_secret": false
      },
      {
        "type": "Secret Keyword",
        "filename": "tests/services/test_model_catalog.py",
        "hashed_secret": "f2bb1f20475e99c2af44a6f6844c1329bea9d3d2",
        "is_verified": false,
        "line_number": 42,
        "is_secret": false
      },
      {
        "type": "Secret Keyword",
        "filename": "tests/services/test_model_catalog.py",
        "hashed_secret": "21729167f484c69c93d2a1956dace832faee1e6a",
        "is_verified": false,
        "line_number": 60,
        "is_secret": false
      },
      {
        "type": "Secret Keyword",
        "filename": "tests/services/test_model_catalog.py",
        "hashed_secret": "766a6e8998aefe2117d62c2d48411e43161ffa11",
        "is_verified": false,
        "line_number": 137,
        "is_secret": false
      }
    ],
    "tests/services/test_provider_registry.py": [
      {
        "type": "Secret Keyword",
        "filename": "tests/services/test_provider_registry.py",
        "hashed_secret": "6fb324ba76c2be4a64fc6d534609d4556ead3263",
        "is_verified": false,
        "line_number": 9,
        "is_secret": false
      }
    ],
    "tests/services/test_voice.py": [
      {
        "type": "Secret Keyword",
        "filename": "tests/services/test_voice.py",
        "hashed_secret": "e9a5f12a8ecbb3eb46eca5096b5c52aa5e7c9fdd",
        "is_verified": false,
        "line_number": 94,
        "is_secret": false
      },
      {
        "type": "Secret Keyword",
        "filename": "tests/services/test_voice.py",
        "hashed_secret": "135e4da9d2a6f5253bc45d8ae20b7225809ce777",
        "is_verified": false,
        "line_number": 118,
        "is_secret": false
      },
      {
        "type": "Secret Keyword",
        "filename": "tests/services/test_voice.py",
        "hashed_secret": "7e8771ea98be1c438fc79ab7d926dbf388a7c044",
        "is_verified": false,
        "line_number": 185,
        "is_secret": false
      },
      {
        "type": "Secret Keyword",
        "filename": "tests/services/test_voice.py",
        "hashed_secret": "766a6e8998aefe2117d62c2d48411e43161ffa11",
        "is_verified": false,
        "line_number": 247,
        "is_secret": false
      },
      {
        "type": "Secret Keyword",
        "filename": "tests/services/test_voice.py",
        "hashed_secret": "41e0fe7d78f50b782986310f449ac1849b6f4554",
        "is_verified": false,
        "line_number": 275,
        "is_secret": false
      }
    ],
    "tests/test_openrouter_provider.py": [
      {
        "type": "Secret Keyword",
        "filename": "tests/test_openrouter_provider.py",
        "hashed_secret": "3acfb2c2b433c0ea7ff107e33df91b18e52f960f",
        "is_verified": false,
        "line_number": 10,
        "is_secret": false
      }
    ],
    "tests/tjm/test_storage.py": [
      {
        "type": "Basic Auth Credentials",
        "filename": "tests/tjm/test_storage.py",
        "hashed_secret": "e5e9fa1ba31ecd1ae84f75caaa474f3a663f05f4",
        "is_verified": false,
        "line_number": 1044,
        "is_secret": false
      }
    ],
    "web/locales/en/app.json": [
      {
        "type": "Secret Keyword",
        "filename": "web/locales/en/app.json",
        "hashed_secret": "8be3c943b1609fffbfc51aad666d0a04adf83c9d",
        "is_verified": false,
        "line_number": 398,
        "is_secret": false
      },
      {
        "type": "Secret Keyword",
        "filename": "web/locales/en/app.json",
        "hashed_secret": "4a7c565d4c4430e3bb8fa6c560125d5eb37e7c3d",
        "is_verified": false,
        "line_number": 405,
        "is_secret": false
      }
    ],
    "web/tests/mcp-store.test.ts": [
      {
        "type": "Secret Keyword",
        "filename": "web/tests/mcp-store.test.ts",
        "hashed_secret": "76ce15edd5a8548603b6fd281d185f323234758f",
        "is_verified": false,
        "line_number": 192,
        "is_secret": false
      }
    ],
    "web/tests/tjm-score-results.test.ts": [
      {
        "type": "Basic Auth Credentials",
        "filename": "web/tests/tjm-score-results.test.ts",
        "hashed_secret": "e5e9fa1ba31ecd1ae84f75caaa474f3a663f05f4",
        "is_verified": false,
        "line_number": 169,
        "is_secret": false
      }
    ]
  },
  "generated_at": "2026-08-30T22:23:54Z"
}
